2026-08-12T19:08:05+09:00
target_pgid=332002
members_before
 332003       1  332002  332002 S Wed Aug 12 18:21:58 2026 bash -c cd /home/iiserver31/projects/FedE4RAG-main && nohup bash V7-HP-PAPER/v20_arc_fedsearch/stage_r5_final_test/run_r5_full.sh > V7-HP-PAPER/v20_arc_fedsearch/stage_r5_final_test/run_20260812/logs/r5_full.nohup.log 2>&1 < /dev/null & echo R5_PID=$!
 332004  332003  332002  332002 S Wed Aug 12 18:21:58 2026 bash V7-HP-PAPER/v20_arc_fedsearch/stage_r5_final_test/run_r5_full.sh
 336780  332004  332002  332002 S Wed Aug 12 18:50:35 2026 bash V7-HP-PAPER/v20_arc_fedsearch/stage_r5_final_test/run_r5_full.sh
 336781  332004  332002  332002 S Wed Aug 12 18:50:35 2026 bash V7-HP-PAPER/v20_arc_fedsearch/stage_r5_final_test/run_r5_full.sh
 336782  332004  332002  332002 S Wed Aug 12 18:50:35 2026 bash V7-HP-PAPER/v20_arc_fedsearch/stage_r5_final_test/run_r5_full.sh
 336783  336780  332002  332002 R Wed Aug 12 18:50:35 2026 /home/iiserver31/anaconda3/envs/supv2/bin/python /home/iiserver31/projects/FedE4RAG-main/V7-HP-PAPER/v17_fedaction_rag/retrieval/01_generate_federated_pools.py --dataset hotpotqa --split /home/iiserver31/projects/FedE4RAG-main/V7-HP-PAPER/v20_arc_fedsearch/stage_r5_final_test/run_20260812/protocol/hotpotqa_final_test_inputs_n300.jsonl --index /home/iiserver31/projects/FedE4RAG-main/V7-HP-PAPER/v15_robust_context_repair/retrieval/indexes/hotpotqa.sqlite --output /home/iiserver31/projects/FedE4RAG-main/V7-HP-PAPER/v20_arc_fedsearch/stage_r5_final_test/run_20260812/retrieval/hotpotqa_centralized.jsonl --partition centralized --centralized --pool-size 10 --sparse-candidates 5000 --device cuda
 336784  336781  332002  332002 R Wed Aug 12 18:50:35 2026 /home/iiserver31/anaconda3/envs/supv2/bin/python /home/iiserver31/projects/FedE4RAG-main/V7-HP-PAPER/v17_fedaction_rag/retrieval/01_generate_federated_pools.py --dataset 2wikimultihopqa --split /home/iiserver31/projects/FedE4RAG-main/V7-HP-PAPER/v20_arc_fedsearch/stage_r5_final_test/run_20260812/protocol/2wikimultihopqa_final_test_inputs_n300.jsonl --index /home/iiserver31/projects/FedE4RAG-main/V7-HP-PAPER/v15_robust_context_repair/retrieval/indexes/2wikimultihopqa.sqlite --output /home/iiserver31/projects/FedE4RAG-main/V7-HP-PAPER/v20_arc_fedsearch/stage_r5_final_test/run_20260812/retrieval/2wikimultihopqa_centralized.jsonl --partition centralized --centralized --pool-size 10 --sparse-candidates 5000 --device cuda
 336785  336782  332002  332002 R Wed Aug 12 18:50:35 2026 /home/iiserver31/anaconda3/envs/supv2/bin/python /home/iiserver31/projects/FedE4RAG-main/V7-HP-PAPER/v17_fedaction_rag/retrieval/01_generate_federated_pools.py --dataset musique --split /home/iiserver31/projects/FedE4RAG-main/V7-HP-PAPER/v20_arc_fedsearch/stage_r5_final_test/run_20260812/protocol/musique_final_test_inputs_n300.jsonl --index /home/iiserver31/projects/FedE4RAG-main/V7-HP-PAPER/v16_action_composition/retrieval/indexes/musique.sqlite --output /home/iiserver31/projects/FedE4RAG-main/V7-HP-PAPER/v20_arc_fedsearch/stage_r5_final_test/run_20260812/retrieval/musique_centralized.jsonl --partition centralized --centralized --pool-size 10 --sparse-candidates 5000 --device cuda
members_after_sigstop
 332003       1  332002  332002 T Wed Aug 12 18:21:58 2026 bash -c cd /home/iiserver31/projects/FedE4RAG-main && nohup bash V7-HP-PAPER/v20_arc_fedsearch/stage_r5_final_test/run_r5_full.sh > V7-HP-PAPER/v20_arc_fedsearch/stage_r5_final_test/run_20260812/logs/r5_full.nohup.log 2>&1 < /dev/null & echo R5_PID=$!
 332004  332003  332002  332002 T Wed Aug 12 18:21:58 2026 bash V7-HP-PAPER/v20_arc_fedsearch/stage_r5_final_test/run_r5_full.sh
 336780  332004  332002  332002 T Wed Aug 12 18:50:35 2026 bash V7-HP-PAPER/v20_arc_fedsearch/stage_r5_final_test/run_r5_full.sh
 336781  332004  332002  332002 T Wed Aug 12 18:50:35 2026 bash V7-HP-PAPER/v20_arc_fedsearch/stage_r5_final_test/run_r5_full.sh
 336782  332004  332002  332002 T Wed Aug 12 18:50:35 2026 bash V7-HP-PAPER/v20_arc_fedsearch/stage_r5_final_test/run_r5_full.sh
 336783  336780  332002  332002 T Wed Aug 12 18:50:35 2026 /home/iiserver31/anaconda3/envs/supv2/bin/python /home/iiserver31/projects/FedE4RAG-main/V7-HP-PAPER/v17_fedaction_rag/retrieval/01_generate_federated_pools.py --dataset hotpotqa --split /home/iiserver31/projects/FedE4RAG-main/V7-HP-PAPER/v20_arc_fedsearch/stage_r5_final_test/run_20260812/protocol/hotpotqa_final_test_inputs_n300.jsonl --index /home/iiserver31/projects/FedE4RAG-main/V7-HP-PAPER/v15_robust_context_repair/retrieval/indexes/hotpotqa.sqlite --output /home/iiserver31/projects/FedE4RAG-main/V7-HP-PAPER/v20_arc_fedsearch/stage_r5_final_test/run_20260812/retrieval/hotpotqa_centralized.jsonl --partition centralized --centralized --pool-size 10 --sparse-candidates 5000 --device cuda
 336784  336781  332002  332002 T Wed Aug 12 18:50:35 2026 /home/iiserver31/anaconda3/envs/supv2/bin/python /home/iiserver31/projects/FedE4RAG-main/V7-HP-PAPER/v17_fedaction_rag/retrieval/01_generate_federated_pools.py --dataset 2wikimultihopqa --split /home/iiserver31/projects/FedE4RAG-main/V7-HP-PAPER/v20_arc_fedsearch/stage_r5_final_test/run_20260812/protocol/2wikimultihopqa_final_test_inputs_n300.jsonl --index /home/iiserver31/projects/FedE4RAG-main/V7-HP-PAPER/v15_robust_context_repair/retrieval/indexes/2wikimultihopqa.sqlite --output /home/iiserver31/projects/FedE4RAG-main/V7-HP-PAPER/v20_arc_fedsearch/stage_r5_final_test/run_20260812/retrieval/2wikimultihopqa_centralized.jsonl --partition centralized --centralized --pool-size 10 --sparse-candidates 5000 --device cuda
 336785  336782  332002  332002 T Wed Aug 12 18:50:35 2026 /home/iiserver31/anaconda3/envs/supv2/bin/python /home/iiserver31/projects/FedE4RAG-main/V7-HP-PAPER/v17_fedaction_rag/retrieval/01_generate_federated_pools.py --dataset musique --split /home/iiserver31/projects/FedE4RAG-main/V7-HP-PAPER/v20_arc_fedsearch/stage_r5_final_test/run_20260812/protocol/musique_final_test_inputs_n300.jsonl --index /home/iiserver31/projects/FedE4RAG-main/V7-HP-PAPER/v16_action_composition/retrieval/indexes/musique.sqlite --output /home/iiserver31/projects/FedE4RAG-main/V7-HP-PAPER/v20_arc_fedsearch/stage_r5_final_test/run_20260812/retrieval/musique_centralized.jsonl --partition centralized --centralized --pool-size 10 --sparse-candidates 5000 --device cuda
sigstop_confirmed=true
sigterm_sent=true
members_after_30_seconds
 332003       1  332002  332002 T Wed Aug 12 18:21:58 2026 bash -c cd /home/iiserver31/projects/FedE4RAG-main && nohup bash V7-HP-PAPER/v20_arc_fedsearch/stage_r5_final_test/run_r5_full.sh > V7-HP-PAPER/v20_arc_fedsearch/stage_r5_final_test/run_20260812/logs/r5_full.nohup.log 2>&1 < /dev/null & echo R5_PID=$!
 332004  332003  332002  332002 T Wed Aug 12 18:21:58 2026 bash V7-HP-PAPER/v20_arc_fedsearch/stage_r5_final_test/run_r5_full.sh
 336780  332004  332002  332002 T Wed Aug 12 18:50:35 2026 bash V7-HP-PAPER/v20_arc_fedsearch/stage_r5_final_test/run_r5_full.sh
 336781  332004  332002  332002 T Wed Aug 12 18:50:35 2026 bash V7-HP-PAPER/v20_arc_fedsearch/stage_r5_final_test/run_r5_full.sh
 336782  332004  332002  332002 T Wed Aug 12 18:50:35 2026 bash V7-HP-PAPER/v20_arc_fedsearch/stage_r5_final_test/run_r5_full.sh
 336783  336780  332002  332002 T Wed Aug 12 18:50:35 2026 /home/iiserver31/anaconda3/envs/supv2/bin/python /home/iiserver31/projects/FedE4RAG-main/V7-HP-PAPER/v17_fedaction_rag/retrieval/01_generate_federated_pools.py --dataset hotpotqa --split /home/iiserver31/projects/FedE4RAG-main/V7-HP-PAPER/v20_arc_fedsearch/stage_r5_final_test/run_20260812/protocol/hotpotqa_final_test_inputs_n300.jsonl --index /home/iiserver31/projects/FedE4RAG-main/V7-HP-PAPER/v15_robust_context_repair/retrieval/indexes/hotpotqa.sqlite --output /home/iiserver31/projects/FedE4RAG-main/V7-HP-PAPER/v20_arc_fedsearch/stage_r5_final_test/run_20260812/retrieval/hotpotqa_centralized.jsonl --partition centralized --centralized --pool-size 10 --sparse-candidates 5000 --device cuda
 336784  336781  332002  332002 T Wed Aug 12 18:50:35 2026 /home/iiserver31/anaconda3/envs/supv2/bin/python /home/iiserver31/projects/FedE4RAG-main/V7-HP-PAPER/v17_fedaction_rag/retrieval/01_generate_federated_pools.py --dataset 2wikimultihopqa --split /home/iiserver31/projects/FedE4RAG-main/V7-HP-PAPER/v20_arc_fedsearch/stage_r5_final_test/run_20260812/protocol/2wikimultihopqa_final_test_inputs_n300.jsonl --index /home/iiserver31/projects/FedE4RAG-main/V7-HP-PAPER/v15_robust_context_repair/retrieval/indexes/2wikimultihopqa.sqlite --output /home/iiserver31/projects/FedE4RAG-main/V7-HP-PAPER/v20_arc_fedsearch/stage_r5_final_test/run_20260812/retrieval/2wikimultihopqa_centralized.jsonl --partition centralized --centralized --pool-size 10 --sparse-candidates 5000 --device cuda
 336785  336782  332002  332002 T Wed Aug 12 18:50:35 2026 /home/iiserver31/anaconda3/envs/supv2/bin/python /home/iiserver31/projects/FedE4RAG-main/V7-HP-PAPER/v17_fedaction_rag/retrieval/01_generate_federated_pools.py --dataset musique --split /home/iiserver31/projects/FedE4RAG-main/V7-HP-PAPER/v20_arc_fedsearch/stage_r5_final_test/run_20260812/protocol/musique_final_test_inputs_n300.jsonl --index /home/iiserver31/projects/FedE4RAG-main/V7-HP-PAPER/v16_action_composition/retrieval/indexes/musique.sqlite --output /home/iiserver31/projects/FedE4RAG-main/V7-HP-PAPER/v20_arc_fedsearch/stage_r5_final_test/run_20260812/retrieval/musique_centralized.jsonl --partition centralized --centralized --pool-size 10 --sparse-candidates 5000 --device cuda
result=still_alive_kept_stopped_no_sigkill
